// Jest Snapshot v1, https://goo.gl/fbAQLP

exports[`Banner renders and displays information properly 1`] = `
<a
  className="bannerHero__link"
  dataid="banner"
  href="https://www.quemdisseberenice.com.br/box-surpresa_20200301/p?idsku=2632"
>
  <img
    className="bannerHero__img"
    data-src="https://qbbr.vteximg.com.br/arquivos/ids/171097/qdb_c3_4_GOTAS-SECANTES.png"
    loading="lazy"
  />
</a>
`;
